Benchmark 32 Byte Allocation Maximum
MMAP
Allocations attempted: 500000
Failures: 49854
Elapsed time: 0.029044 seconds
Fail Rate: 0.099708
Throughput: 17215259.606115
Test Bench32                  : 1/1
Total: 1/1
Benchmark 32 Byte Allocation Maximum
MMAP
Allocations attempted: 500000
Failures: 49854
Elapsed time: 0.029150 seconds
Fail Rate: 0.099708
Throughput: 17152658.662093
Test Bench32                  : 1/1
Total: 1/1
Benchmark 32 Byte Allocation Maximum
MMAP
Allocations attempted: 500000
Failures: 49854
Elapsed time: 0.029377 seconds
Fail Rate: 0.099708
Throughput: 17020117.779215
Test Bench32                  : 1/1
Total: 1/1
Benchmark 32 Byte Allocation Maximum
MMAP
Allocations attempted: 500000
Failures: 49854
Elapsed time: 0.028884 seconds
Fail Rate: 0.099708
Throughput: 17310621.797535
Test Bench32                  : 1/1
Total: 1/1
Benchmark 32 Byte Allocation Maximum
MMAP
Allocations attempted: 500000
Failures: 49854
Elapsed time: 0.028906 seconds
Fail Rate: 0.099708
Throughput: 17297446.896838
Test Bench32                  : 1/1
Total: 1/1
Benchmark 32 Byte Allocation Maximum
MMAP
Allocations attempted: 500000
Failures: 49854
Elapsed time: 0.029624 seconds
Fail Rate: 0.099708
Throughput: 16878206.859303
Test Bench32                  : 1/1
Total: 1/1
Benchmark 32 Byte Allocation Maximum
MMAP
Allocations attempted: 500000
Failures: 49854
Elapsed time: 0.028504 seconds
Fail Rate: 0.099708
Throughput: 17541397.698569
Test Bench32                  : 1/1
Total: 1/1
Benchmark 32 Byte Allocation Maximum
MMAP
Allocations attempted: 500000
Failures: 49854
Elapsed time: 0.029034 seconds
Fail Rate: 0.099708
Throughput: 17221188.950885
Test Bench32                  : 1/1
Total: 1/1
Benchmark 32 Byte Allocation Maximum
MMAP
Allocations attempted: 500000
Failures: 49854
Elapsed time: 0.028869 seconds
Fail Rate: 0.099708
Throughput: 17319616.197305
Test Bench32                  : 1/1
Total: 1/1
Benchmark 32 Byte Allocation Maximum
MMAP
Allocations attempted: 500000
Failures: 49854
Elapsed time: 0.029687 seconds
Fail Rate: 0.099708
Throughput: 16842388.924445
Test Bench32                  : 1/1
Total: 1/1
Benchmark 64 Byte Allocation Maximum
MMAP
Allocations attempted: 500000
Failures: 49854
Elapsed time: 0.031476 seconds
Fail Rate: 0.099708
Throughput: 15885118.820689
Test Bench64                  : 1/1
Total: 1/1
Benchmark 64 Byte Allocation Maximum
MMAP
Allocations attempted: 500000
Failures: 49854
Elapsed time: 0.029077 seconds
Fail Rate: 0.099708
Throughput: 17195721.704440
Test Bench64                  : 1/1
Total: 1/1
Benchmark 64 Byte Allocation Maximum
MMAP
Allocations attempted: 500000
Failures: 49854
Elapsed time: 0.032115 seconds
Fail Rate: 0.099708
Throughput: 15569048.731123
Test Bench64                  : 1/1
Total: 1/1
Benchmark 64 Byte Allocation Maximum
MMAP
Allocations attempted: 500000
Failures: 49854
Elapsed time: 0.028573 seconds
Fail Rate: 0.099708
Throughput: 17499037.552935
Test Bench64                  : 1/1
Total: 1/1
Benchmark 64 Byte Allocation Maximum
MMAP
Allocations attempted: 500000
Failures: 49854
Elapsed time: 0.028869 seconds
Fail Rate: 0.099708
Throughput: 17319616.197305
Test Bench64                  : 1/1
Total: 1/1
Benchmark 64 Byte Allocation Maximum
MMAP
Allocations attempted: 500000
Failures: 49854
Elapsed time: 0.028555 seconds
Fail Rate: 0.099708
Throughput: 17510068.289266
Test Bench64                  : 1/1
Total: 1/1
Benchmark 64 Byte Allocation Maximum
MMAP
Allocations attempted: 500000
Failures: 49854
Elapsed time: 0.028523 seconds
Fail Rate: 0.099708
Throughput: 17529712.863303
Test Bench64                  : 1/1
Total: 1/1
Benchmark 64 Byte Allocation Maximum
MMAP
Allocations attempted: 500000
Failures: 49854
Elapsed time: 0.029064 seconds
Fail Rate: 0.099708
Throughput: 17203413.157170
Test Bench64                  : 1/1
Total: 1/1
Benchmark 64 Byte Allocation Maximum
MMAP
Allocations attempted: 500000
Failures: 49854
Elapsed time: 0.030553 seconds
Fail Rate: 0.099708
Throughput: 16365005.073152
Test Bench64                  : 1/1
Total: 1/1
Benchmark 64 Byte Allocation Maximum
MMAP
Allocations attempted: 500000
Failures: 49854
Elapsed time: 0.028427 seconds
Fail Rate: 0.099708
Throughput: 17588911.949907
Test Bench64                  : 1/1
Total: 1/1
Benchmark 128 Byte Allocation Maximum
MMAP
Allocations attempted: 500000
Failures: 49854
Elapsed time: 0.028172 seconds
Fail Rate: 0.099708
Throughput: 17748118.699418
Test Bench128                 : 1/1
Total: 1/1
Benchmark 128 Byte Allocation Maximum
MMAP
Allocations attempted: 500000
Failures: 49854
Elapsed time: 0.040502 seconds
Fail Rate: 0.099708
Throughput: 12345069.379290
Test Bench128                 : 1/1
Total: 1/1
Benchmark 128 Byte Allocation Maximum
MMAP
Allocations attempted: 500000
Failures: 49854
Elapsed time: 0.028369 seconds
Fail Rate: 0.099708
Throughput: 17624872.219676
Test Bench128                 : 1/1
Total: 1/1
Benchmark 128 Byte Allocation Maximum
MMAP
Allocations attempted: 500000
Failures: 50377
Elapsed time: 0.028423 seconds
Fail Rate: 0.100754
Throughput: 17591387.256799
Test Bench128                 : 1/1
Total: 1/1
Benchmark 128 Byte Allocation Maximum
MMAP
Allocations attempted: 500000
Failures: 50377
Elapsed time: 0.028127 seconds
Fail Rate: 0.100754
Throughput: 17776513.670139
Test Bench128                 : 1/1
Total: 1/1
Benchmark 128 Byte Allocation Maximum
MMAP
Allocations attempted: 500000
Failures: 50377
Elapsed time: 0.028012 seconds
Fail Rate: 0.100754
Throughput: 17849493.074397
Test Bench128                 : 1/1
Total: 1/1
Benchmark 128 Byte Allocation Maximum
MMAP
Allocations attempted: 500000
Failures: 50377
Elapsed time: 0.028134 seconds
Fail Rate: 0.100754
Throughput: 17772090.708751
Test Bench128                 : 1/1
Total: 1/1
Benchmark 128 Byte Allocation Maximum
MMAP
Allocations attempted: 500000
Failures: 50377
Elapsed time: 0.028346 seconds
Fail Rate: 0.100754
Throughput: 17639173.075566
Test Bench128                 : 1/1
Total: 1/1
Benchmark 128 Byte Allocation Maximum
MMAP
Allocations attempted: 500000
Failures: 50377
Elapsed time: 0.028328 seconds
Fail Rate: 0.100754
Throughput: 17650381.248235
Test Bench128                 : 1/1
Total: 1/1
Benchmark 128 Byte Allocation Maximum
MMAP
Allocations attempted: 500000
Failures: 50377
Elapsed time: 0.028273 seconds
Fail Rate: 0.100754
Throughput: 17684716.867683
Test Bench128                 : 1/1
Total: 1/1
Benchmark 256 Byte Allocation Maximum
MMAP
Allocations attempted: 500000
Failures: 50377
Elapsed time: 0.028068 seconds
Fail Rate: 0.100754
Throughput: 17813880.575745
Test Bench256                 : 1/1
Total: 1/1
Benchmark 256 Byte Allocation Maximum
MMAP
Allocations attempted: 500000
Failures: 50377
Elapsed time: 0.028243 seconds
Fail Rate: 0.100754
Throughput: 17703501.752647
Test Bench256                 : 1/1
Total: 1/1
Benchmark 256 Byte Allocation Maximum
MMAP
Allocations attempted: 500000
Failures: 50377
Elapsed time: 0.028179 seconds
Fail Rate: 0.100754
Throughput: 17743709.854856
Test Bench256                 : 1/1
Total: 1/1
Benchmark 256 Byte Allocation Maximum
MMAP
Allocations attempted: 500000
Failures: 50377
Elapsed time: 0.028627 seconds
Fail Rate: 0.100754
Throughput: 17466028.574423
Test Bench256                 : 1/1
Total: 1/1
Benchmark 256 Byte Allocation Maximum
MMAP
Allocations attempted: 500000
Failures: 50377
Elapsed time: 0.028097 seconds
Fail Rate: 0.100754
Throughput: 17795494.180873
Test Bench256                 : 1/1
Total: 1/1
Benchmark 256 Byte Allocation Maximum
MMAP
Allocations attempted: 500000
Failures: 50377
Elapsed time: 0.028267 seconds
Fail Rate: 0.100754
Throughput: 17688470.654827
Test Bench256                 : 1/1
Total: 1/1
Benchmark 256 Byte Allocation Maximum
MMAP
Allocations attempted: 500000
Failures: 50377
Elapsed time: 0.028272 seconds
Fail Rate: 0.100754
Throughput: 17685342.388229
Test Bench256                 : 1/1
Total: 1/1
Benchmark 256 Byte Allocation Maximum
MMAP
Allocations attempted: 500000
Failures: 50377
Elapsed time: 0.028723 seconds
Fail Rate: 0.100754
Throughput: 17407652.403997
Test Bench256                 : 1/1
Total: 1/1
Benchmark 256 Byte Allocation Maximum
MMAP
Allocations attempted: 500000
Failures: 50377
Elapsed time: 0.029320 seconds
Fail Rate: 0.100754
Throughput: 17053206.002729
Test Bench256                 : 1/1
Total: 1/1
Benchmark 256 Byte Allocation Maximum
MMAP
Allocations attempted: 500000
Failures: 50377
Elapsed time: 0.031460 seconds
Fail Rate: 0.100754
Throughput: 15893197.711380
Test Bench256                 : 1/1
Total: 1/1
